// Jest Snapshot v1, https://goo.gl/fbAQLP

exports[`App matches snapshot 1`] = `
<DocumentFragment>
  <h3>
    There was a problem loading the data.
  </h3>
  <table>
    <tbody>
      <tr>
        <th>
          <input
            type="checkbox"
          />
        </th>
        <th>
          Creditor
        </th>
        <th>
          First Name
        </th>
        <th>
          Last Name
        </th>
        <th>
          Min Pay %
        </th>
        <th>
          Balance
        </th>
      </tr>
      <tr>
        <td />
        <td>
          <input
            name="creditorName"
          />
        </td>
        <td>
          <input
            name="firstName"
          />
        </td>
        <td>
          <input
            name="lastName"
          />
        </td>
        <td>
          <input
            name="minPaymentPercentage"
          />
        </td>
        <td>
          <input
            name="balance"
          />
        </td>
      </tr>
      <tr>
        <td>
          <button>
            Add Debt
          </button>
        </td>
        <td>
          <button>
            Remove Debt
          </button>
        </td>
      </tr>
      <tr>
        <td>
          Total Balance
        </td>
        <td>
          0
        </td>
      </tr>
      <tr>
        <td>
          Total Row Count: 0
        </td>
        <td>
          Check Row Count: 0
        </td>
      </tr>
    </tbody>
  </table>
</DocumentFragment>
`;
